// Jest Snapshot v1, https://goo.gl/fbAQLP

exports[`Category should match snapshot 1`] = `
<div>
  <h1>
    Category
  </h1>
</div>
`;
